
Memory Configuration

Name             Origin             Length             Attributes
flash            0x0000000000000000 0x0000000020000000 xr
sram             0x0000000020000000 0x0000000020000000 xrw
*default*        0x0000000000000000 0xffffffffffffffff

Linker script and memory map


.text           0x0000000000000000      0x11c
 *(.vectors*)
 .vectors       0x0000000000000000       0x10 startup.o
                0x0000000000000000                g_p_fn_Vectors
 *(.text*)
 .text          0x0000000000000010       0x7c main.o
                0x0000000000000010                main
 .text          0x000000000000008c       0x90 startup.o
                0x000000000000008c                H_Fault_Handler
                0x000000000000008c                Default_Handler
                0x000000000000008c                NMI_Handler
                0x0000000000000098                Reset_Handler
 *(.rodata)
                0x000000000000011c                _E_TEXT = .

.glue_7         0x000000000000011c        0x0
 .glue_7        0x000000000000011c        0x0 linker stubs

.glue_7t        0x000000000000011c        0x0
 .glue_7t       0x000000000000011c        0x0 linker stubs

.vfp11_veneer   0x000000000000011c        0x0
 .vfp11_veneer  0x000000000000011c        0x0 linker stubs

.v4_bx          0x000000000000011c        0x0
 .v4_bx         0x000000000000011c        0x0 linker stubs

.iplt           0x000000000000011c        0x0
 .iplt          0x000000000000011c        0x0 main.o

.rel.dyn        0x000000000000011c        0x0
 .rel.iplt      0x000000000000011c        0x0 main.o

.data           0x0000000020000000        0x0 load address 0x000000000000011c
                0x0000000020000000                _S_DATA = .
 *(.data*)
 .data          0x0000000020000000        0x0 main.o
 .data          0x0000000020000000        0x0 startup.o
                0x0000000020000000                . = ALIGN (0x4)
                0x0000000020000000                _E_DATA = .

.igot.plt       0x0000000020000000        0x0 load address 0x000000000000011c
 .igot.plt      0x0000000020000000        0x0 main.o

.bss            0x0000000020000000      0x400 load address 0x000000000000011c
                0x0000000020000000                _S_BSS = .
 *(.bss*)
 .bss           0x0000000020000000        0x0 main.o
 .bss           0x0000000020000000      0x400 startup.o
                0x0000000020000400                _E_BSS = .
LOAD main.o
LOAD startup.o
OUTPUT(Rashad_Cortex_M4.elf elf32-littlearm)

.debug_info     0x0000000000000000      0x23e
 .debug_info    0x0000000000000000       0x6d main.o
 .debug_info    0x000000000000006d      0x1d1 startup.o

.debug_abbrev   0x0000000000000000      0x14c
 .debug_abbrev  0x0000000000000000       0x63 main.o
 .debug_abbrev  0x0000000000000063       0xe9 startup.o

.debug_loc      0x0000000000000000       0xb4
 .debug_loc     0x0000000000000000       0x38 main.o
 .debug_loc     0x0000000000000038       0x7c startup.o

.debug_aranges  0x0000000000000000       0x40
 .debug_aranges
                0x0000000000000000       0x20 main.o
 .debug_aranges
                0x0000000000000020       0x20 startup.o

.debug_line     0x0000000000000000      0x246
 .debug_line    0x0000000000000000       0x54 main.o
 .debug_line    0x0000000000000054      0x1f2 startup.o

.debug_str      0x0000000000000000      0x17a
 .debug_str     0x0000000000000000       0x8f main.o
                                         0x9c (size before relaxing)
 .debug_str     0x000000000000008f       0xeb startup.o
                                        0x1b3 (size before relaxing)

.comment        0x0000000000000000       0x7b
 .comment       0x0000000000000000       0x7b main.o
                                         0x7c (size before relaxing)
 .comment       0x000000000000007b       0x7c startup.o

.ARM.attributes
                0x0000000000000000       0x33
 .ARM.attributes
                0x0000000000000000       0x33 main.o
 .ARM.attributes
                0x0000000000000033       0x33 startup.o

.debug_frame    0x0000000000000000       0x7c
 .debug_frame   0x0000000000000000       0x2c main.o
 .debug_frame   0x000000000000002c       0x50 startup.o
